{"version":9,"type":"context-options","origin":"library","browserName":"chromium","playwrightVersion":"1.63.0","options":{"noDefaultViewport":false,"viewport":{"width":390,"height":844},"ignoreHTTPSErrors":false,"javaScriptEnabled":true,"bypassCSP":false,"userAgent":"Mozilla/5.0 (Linux; Android 14; Pixel 7) AppleWebKit/537.36 (KHTML, like Gecko) Chrome/141.0.0.0 Mobile Safari/537.36","locale":"en-US","offline":false,"deviceScaleFactor":2,"isMobile":true,"hasTouch":true,"colorScheme":"light","reducedMotion":"no-preference","forcedColors":"none","acceptDownloads":"accept","contrast":"no-preference","baseURL":"http://localhost:4173","serviceWorkers":"allow","selectorEngines":[],"testIdAttributeName":"data-testid"},"platform":"linux","wallTime":1790599006358,"monotonicTime":126286.558,"sdkLanguage":"javascript","testIdAttributeName":"data-testid","title":"explorer.spec.ts:85 › Explorer › E2E-03 clear all"}
{"type":"before","callId":"call@9","startTime":126352.001,"class":"BrowserContext","method":"newPage","params":{},"stepId":"pw:api@36"}
{"type":"event","time":126542.257,"class":"BrowserContext","method":"page","params":{"pageId":"page@600f29b949da841bd415a6a2f340ba76"}}
{"type":"after","callId":"call@9","endTime":126542.442,"result":{"page":"<Page>"}}
{"type":"before","callId":"call@11","startTime":126551.218,"title":"Route requests","class":"Page","method":"setNetworkInterceptionPatterns","params":{"patterns":[{"glob":"**/*"}]},"stepId":"pw:api@38"}
{"type":"after","callId":"call@11","endTime":126564.324}
{"type":"before","callId":"call@14","startTime":126889.547,"class":"Frame","method":"goto","params":{"url":"/?county=ro/crisana/bihor&genre=colinda,joc&from=1909&to=1912&sort=year&dir=desc","waitUntil":"load"},"stepId":"pw:api@41"}
{"type":"screencast-frame","pageId":"page@600f29b949da841bd415a6a2f340ba76","file":"screencast/page@600f29b949da841bd415a6a2f340ba76-1790599006968.jpeg","width":390,"height":844,"timestamp":126896.375,"frameSwapWallTime":1790599006635.376}
{"type":"frame-snapshot","snapshot":{"callId":"call@14","phase":"before","pageId":"page@600f29b949da841bd415a6a2f340ba76","frameId":"frame@2eb00a591bffb84137caf98cb61a6d16","frameUrl":"about:blank","html":["HTML",{},["HEAD",{},["BASE",{"href":"about:blank"}]],["BODY"]],"viewport":{"width":980,"height":2121},"timestamp":126897.151,"wallTime":1790599006966,"collectionTime":1.099999999627471,"resourceOverrides":[],"isMainFrame":true}}
{"type":"log","callId":"call@14","time":126907.957,"message":"navigating to \"http://localhost:4173/?county=ro/crisana/bihor&genre=colinda,joc&from=1909&to=1912&sort=year&dir=desc\", waiting until \"load\""}
{"type":"before","callId":"call@16","startTime":126915.298,"class":"Route","method":"continue","params":{"isFallback":true},"stepId":"pw:api@42"}
{"type":"after","callId":"call@16","endTime":126917.457}
{"type":"before","callId":"call@18","startTime":126970.381,"class":"Route","method":"continue","params":{"isFallback":true},"stepId":"pw:api@43"}
{"type":"after","callId":"call@18","endTime":127004.511}
{"type":"before","callId":"call@20","startTime":127021.632,"class":"Route","method":"continue","params":{"isFallback":true},"stepId":"pw:api@44"}
{"type":"before","callId":"call@22","startTime":127024.398,"class":"Route","method":"continue","params":{"isFallback":true},"stepId":"pw:api@45"}
{"type":"before","callId":"call@24","startTime":127024.747,"class":"Route","method":"continue","params":{"isFallback":true},"stepId":"pw:api@46"}
{"type":"before","callId":"call@26","startTime":127025.66,"class":"Route","method":"continue","params":{"isFallback":true},"stepId":"pw:api@47"}
{"type":"before","callId":"call@28","startTime":127031.527,"class":"Route","method":"continue","params":{"isFallback":true},"stepId":"pw:api@48"}
{"type":"after","callId":"call@20","endTime":127036.64}
{"type":"after","callId":"call@22","endTime":127036.8}
{"type":"after","callId":"call@24","endTime":127037.034}
{"type":"after","callId":"call@26","endTime":127037.185}
{"type":"after","callId":"call@28","endTime":127037.276}
{"type":"screencast-frame","pageId":"page@600f29b949da841bd415a6a2f340ba76","file":"screencast/page@600f29b949da841bd415a6a2f340ba76-1790599007155.jpeg","width":390,"height":844,"timestamp":127083.74,"frameSwapWallTime":1790599007151.298}
{"type":"after","callId":"call@14","endTime":127137.282,"result":{"response":"<Response>"}}
{"type":"before","callId":"call@30","startTime":127208.085,"class":"Route","method":"continue","params":{"isFallback":true},"stepId":"pw:api@49"}
{"type":"frame-snapshot","snapshot":{"callId":"call@14","phase":"after","pageId":"page@600f29b949da841bd415a6a2f340ba76","frameId":"frame@2eb00a591bffb84137caf98cb61a6d16","frameUrl":"http://localhost:4173/?county=ro/crisana/bihor&genre=colinda,joc&from=1909&to=1912&sort=year&dir=desc","doctype":"html","html":["HTML",{"lang":"en"},["HEAD",{},["BASE",{"href":"http://localhost:4173/?county=ro/crisana/bihor&genre=colinda,joc&from=1909&to=1912&sort=year&dir=desc"}],"\n    ",["META",{"charset":"utf-8"}],"\n    ",["LINK",{"rel":"icon","type":"image/svg+xml","href":"/favicon.svg"}],"\n    ",["META",{"name":"viewport","content":"width=device-width, initial-scale=1.0"}],"\n    ",["META",{"name":"description","content":"Bela Bartok's ethnographic field collection, localities in present-day Romania: browse by place, genre, style, instrument and year."}],"\n    ",["TITLE",{},"Bartok / Romania"],"\n    ","\n    ",["LINK",{"rel":"modulepreload","crossorigin":"","href":"/assets/rolldown-runtime-CbXtAM7H.js"}],"\n    ",["LINK",{"rel":"modulepreload","crossorigin":"","href":"/assets/leaflet-CFqsrOu6.js"}],"\n    ",["LINK",{"rel":"modulepreload","crossorigin":"","href":"/assets/search-DH4RtPSg.js"}],"\n    ",["LINK",{"rel":"stylesheet","crossorigin":"","href":"/assets/leaflet-vh-t_kPv.css"}],"\n    ",["LINK",{"rel":"stylesheet","crossorigin":"","href":"/assets/index-C6OOyjCW.css"}],"\n  "],"\n  ",["BODY",{},"\n    ",["DIV",{"id":"root"},["A",{"class":"skip-link","href":"#results"},"Skip to results"],["HEADER",{"class":"topbar"},["A",{"aria-label":"Bartok / Romania","aria-current":"page","class":"topbar__masthead topbar__masthead--large active","href":"/?county=ro/crisana/bihor&genre=colinda,joc&from=1909&to=1912&sort=year&dir=desc","data-discover":"true"},"Bartok / Romania"],["NAV",{"class":"topbar__nav","aria-label":"Primary"},["A",{"aria-current":"page","class":"active","href":"/?county=ro/crisana/bihor&genre=colinda,joc&from=1909&to=1912&sort=year&dir=desc","data-discover":"true"},"Explorer"],["A",{"class":"","href":"/journeys?county=ro/crisana/bihor&genre=colinda,joc&from=1909&to=1912&sort=year&dir=desc","data-discover":"true"},"Journeys"],["A",{"class":"","href":"/about?county=ro/crisana/bihor&genre=colinda,joc&from=1909&to=1912&sort=year&dir=desc","data-discover":"true"},"About and sources"]],["DIV",{"class":"topbar__search"},["DIV",{"class":"search"},["INPUT",{"__playwright_value_":"","class":"input search__input","aria-label":"Search melodies","placeholder":"Search titles, places, performers, codes","autocomplete":"off","spellcheck":"false","type":"search","value":""}]]],["DIV",{"class":"topbar__tools"},["BUTTON",{"type":"button","class":"toggle","aria-pressed":"false"},"Colour by genre"],["LABEL",{"class":"visually-hidden","for":"theme-select"},"Theme"],["SELECT",{"id":"theme-select","class":"select","title":"Theme"},["OPTION",{"__playwright_selected_":"true","value":"auto"},"Auto"],["OPTION",{"__playwright_selected_":"false","value":"light"},"Light"],["OPTION",{"__playwright_selected_":"false","value":"dark"},"Dark"]]]],["DIV",{"class":"explorer explorer--phone"},["DIV",{"class":"phone-header"},["BUTTON",{"type":"button","class":"btn filters-toggle","disabled":"","aria-haspopup":"dialog"},"Filters (0)"]],["MAIN",{"class":"explorer__main"},["DIV",{"id":"phone-panel-map","role":"tabpanel","aria-labelledby":"phone-tab-map","class":"phone-panel phone-panel--map"},["SECTION",{"class":"map-section map-section--full","aria-label":"Map"},["DIV",{"class":"map-panel"},["DIV",{"class":"map-loading"},"Loading the collection..."]]],["BUTTON",{"type":"button","class":"phone-viewlist"},"0 melodies, view list"]]],["NAV",{"class":"bottom-tabs","aria-label":"Views"},["DIV",{"class":"bottom-tabs__list","role":"tablist","aria-label":"Views"},["BUTTON",{"type":"button","role":"tab","id":"phone-tab-map","class":"bottom-tabs__tab","aria-selected":"true","aria-controls":"phone-panel-map","tabindex":"0"},["svg",{"viewBox":"0 0 18 18","aria-hidden":"true","focusable":"false"},["path",{"d":"M3 5l4-2 4 2 4-2v11l-4 2-4-2-4 2V5zm4-2v11m4-9v11","fill":"none","stroke":"currentColor","stroke-width":"1.5","stroke-linejoin":"round"}]],["SPAN",{"class":"bottom-tabs__label"},"Map"]],["BUTTON",{"type":"button","role":"tab","id":"phone-tab-list","class":"bottom-tabs__tab","aria-selected":"false","tabindex":"-1"},["svg",{"viewBox":"0 0 18 18","aria-hidden":"true","focusable":"false"},["path",{"d":"M3 4h12M3 8h12M3 12h8","fill":"none","stroke":"currentColor","stroke-width":"1.5","stroke-linejoin":"round"}]],["SPAN",{"class":"bottom-tabs__label"},"Songs"]],["BUTTON",{"type":"button","role":"tab","id":"phone-tab-places","class":"bottom-tabs__tab","aria-selected":"false","tabindex":"-1"},["svg",{"viewBox":"0 0 18 18","aria-hidden":"true","focusable":"false"},["path",{"d":"M9 15s-5-4.5-5-8a5 5 0 0 1 10 0c0 3.5-5 8-5 8zm0-6.5a1.5 1.5 0 1 0 0-3 1.5 1.5 0 0 0 0 3z","fill":"none","stroke":"currentColor","stroke-width":"1.5","stroke-linejoin":"round"}]],["SPAN",{"class":"bottom-tabs__label"},"Places"]]],["A",{"class":"bottom-tabs__tab bottom-tabs__link","href":"/journeys?county=ro/crisana/bihor&genre=colinda,joc&from=1909&to=1912&sort=year&dir=desc","data-discover":"true"},["svg",{"viewBox":"0 0 18 18","aria-hidden":"true","focusable":"false"},["path",{"d":"M3 14c3-6 6-8 12-10M13 3l2 1-1 2","fill":"none","stroke":"currentColor","stroke-width":"1.5","stroke-linejoin":"round"}],["circle",{"cx":"3.5","cy":"14","r":"1.5","fill":"currentColor"}]],["SPAN",{"class":"bottom-tabs__label"},"Journeys"]]]],["DIV",{"class":"statusbar","role":"status","aria-label":"Query status"},["CODE",{"class":"statusbar__query","title":"?county=ro/crisana/bihor&genre=colinda,joc&from=1909&to=1912&sort=year&dir=desc"},"?county=ro/crisana/bihor&genre=colinda,joc&from=1909&to=1912&sort=year&dir=desc"],["BUTTON",{"type":"button","class":"btn btn--sm"},"Copy link"],["BUTTON",{"type":"button","class":"btn btn--sm","disabled":"","title":"Nothing to export","aria-label":"Nothing to export"},"Export JSON"]],["FOOTER",{"class":"footer"},["P",{},"Data: HUN-REN BTK Institute for Musicology, Budapest (Bartok Archives):"," ",["SPAN",{},"\"",["A",{"href":"https://bartok-nepzene.zti.hu/en/","target":"_blank","rel":"noopener noreferrer"},"Folk Music in Bartók's Compositions"],"\""],["SPAN",{},", ","\"",["A",{"href":"https://systems.zti.hu/br/en","target":"_blank","rel":"noopener noreferrer"},"The Bartók System"],"\""],["SPAN",{}," and ","\"",["A",{"href":"https://bartok-gyujtesek.zti.hu/en","target":"_blank","rel":"noopener noreferrer"},"Béla Bartók, the Ethnomusicologist"],"\""],"."],["P",{},"Records, notation images and recordings remain the property of the Institute; this viewer is an independent interface and is not affiliated with it."],["P",{},"Printed edition: Bela Bartok, Rumanian Folk Music (ed. Benjamin Suchoff, Martinus Nijhoff, 1967-1975),"," ",["A",{"href":"https://archive.org/details/rumanianfolkmusi0004blab","target":"_blank","rel":"noopener noreferrer"},"open volumes on the Internet Archive"],"; only facts and incipits are indexed."],["P",{},"Map: ©"," ",["A",{"href":"https://www.openstreetmap.org/copyright","target":"_blank","rel":"noopener noreferrer"},"OpenStreetMap"]," ","contributors, ©"," ",["A",{"href":"https://carto.com/attributions","target":"_blank","rel":"noopener noreferrer"},"CARTO"],". ","County boundaries: Natural Earth","."],["P",{},["A",{"href":"/about","data-discover":"true"},"About and sources"]]],["DIV",{"role":"status","aria-live":"polite"}]],"\n  \n\n"]],"viewport":{"width":390,"height":844},"timestamp":127211.098,"wallTime":1790599007273,"collectionTime":41.29999999888241,"resourceOverrides":[],"isMainFrame":true}}
{"type":"before","callId":"call@32","startTime":127212.308,"class":"Route","method":"continue","params":{"isFallback":true},"stepId":"pw:api@50"}
{"type":"before","callId":"call@34","startTime":127227.128,"class":"Route","method":"continue","params":{"isFallback":true},"stepId":"pw:api@51"}
{"type":"before","callId":"call@36","startTime":127227.661,"title":"Expect \"toHaveText\"","class":"Frame","method":"expect","params":{"selector":".results__count >> nth=0","expression":"to.have.text","expectedText":[{"regexSource":"([\\d,]+) of ([\\d,]+) melodies","regexFlags":"","normalizeWhiteSpace":true}],"expectedValue":{"value":{"v":"undefined"},"handles":[]},"isNot":false,"timeout":60000},"stepId":"expect@52"}
{"type":"before","callId":"call@38","startTime":127238.508,"class":"Route","method":"continue","params":{"isFallback":true},"stepId":"pw:api@53"}
{"type":"before","callId":"call@40","startTime":127241.086,"class":"Route","method":"continue","params":{"isFallback":true},"stepId":"pw:api@54"}
{"type":"before","callId":"call@42","startTime":127241.499,"class":"Route","method":"continue","params":{"isFallback":true},"stepId":"pw:api@55"}
{"type":"before","callId":"call@44","startTime":127245.095,"class":"Route","method":"continue","params":{"isFallback":true},"stepId":"pw:api@56"}
{"type":"before","callId":"call@46","startTime":127245.507,"class":"Route","method":"continue","params":{"isFallback":true},"stepId":"pw:api@57"}
{"type":"after","callId":"call@30","endTime":127246.265}
{"type":"after","callId":"call@32","endTime":127246.489}
{"type":"after","callId":"call@34","endTime":127246.744}
{"type":"after","callId":"call@38","endTime":127246.95}
{"type":"after","callId":"call@40","endTime":127247.062}
{"type":"after","callId":"call@42","endTime":127247.147}
{"type":"frame-snapshot","snapshot":{"callId":"call@36","phase":"before","pageId":"page@600f29b949da841bd415a6a2f340ba76","frameId":"frame@2eb00a591bffb84137caf98cb61a6d16","frameUrl":"http://localhost:4173/?county=ro/crisana/bihor&genre=colinda,joc&from=1909&to=1912&sort=year&dir=desc","doctype":"html","html":["HTML",{"lang":"en"},["HEAD",{},[[1,0]],[[1,1]],[[1,2]],[[1,3]],[[1,4]],[[1,5]],[[1,6]],[[1,7]],[[1,8]],[[1,9]],["TITLE",{},"Bartok / Romania"],[[1,12]],[[1,13]],[[1,14]],[[1,15]],[[1,16]],[[1,17]],[[1,18]],[[1,19]],[[1,20]],[[1,21]],[[1,22]],[[1,23]]],[[1,25]],[[1,145]]],"viewport":{"width":390,"height":844},"timestamp":127247.294,"wallTime":1790599007316,"collectionTime":1,"resourceOverrides":[],"isMainFrame":true}}
{"type":"log","callId":"call@36","time":127249.37,"message":"Expect \"toHaveText\" locator('.results__count').first() with timeout 60000ms"}
{"type":"log","callId":"call@36","time":127249.395,"message":"waiting for locator('.results__count').first()"}
{"type":"after","callId":"call@44","endTime":127254.383}
{"type":"after","callId":"call@46","endTime":127257.977}
{"type":"screencast-frame","pageId":"page@600f29b949da841bd415a6a2f340ba76","file":"screencast/page@600f29b949da841bd415a6a2f340ba76-1790599007329.jpeg","width":390,"height":844,"timestamp":127258.228,"frameSwapWallTime":1790599007312.371}
{"type":"before","callId":"call@48","startTime":127344.871,"class":"Route","method":"continue","params":{"isFallback":true},"stepId":"pw:api@58"}
{"type":"before","callId":"call@50","startTime":127346.72,"class":"Route","method":"continue","params":{"isFallback":true},"stepId":"pw:api@59"}
{"type":"before","callId":"call@52","startTime":127350.882,"class":"Route","method":"continue","params":{"isFallback":true},"stepId":"pw:api@60"}
{"type":"after","callId":"call@48","endTime":127362.132}
{"type":"screencast-frame","pageId":"page@600f29b949da841bd415a6a2f340ba76","file":"screencast/page@600f29b949da841bd415a6a2f340ba76-1790599007443.jpeg","width":390,"height":844,"timestamp":127371.554,"frameSwapWallTime":1790599007434.426}
{"type":"after","callId":"call@50","endTime":127372.33}
{"type":"after","callId":"call@52","endTime":127372.478}
{"type":"screencast-frame","pageId":"page@600f29b949da841bd415a6a2f340ba76","file":"screencast/page@600f29b949da841bd415a6a2f340ba76-1790599007510.jpeg","width":390,"height":844,"timestamp":127438.333,"frameSwapWallTime":1790599007505.935}
{"type":"screencast-frame","pageId":"page@600f29b949da841bd415a6a2f340ba76","file":"screencast/page@600f29b949da841bd415a6a2f340ba76-1790599007581.jpeg","width":390,"height":844,"timestamp":127510.281,"frameSwapWallTime":1790599007568.6628}
{"type":"before","callId":"call@54","startTime":128176.651,"class":"Route","method":"continue","params":{"isFallback":true},"stepId":"pw:api@61"}
{"type":"after","callId":"call@54","endTime":128182.633}
{"type":"screencast-frame","pageId":"page@600f29b949da841bd415a6a2f340ba76","file":"screencast/page@600f29b949da841bd415a6a2f340ba76-1790599008809.jpeg","width":390,"height":844,"timestamp":128737.749,"frameSwapWallTime":1790599008581.939}
{"type":"before","callId":"call@56","startTime":128780.606,"class":"Route","method":"fulfill","params":{"status":200,"headers":[{"name":"content-type","value":"image/png"},{"name":"content-length","value":"68"}],"body":"iVBORw0KGgoAAAANSUhEUgAAAAEAAAABCAQAAAC1HAwCAAAAC0lEQVR42mNkYAAAAAYAAjCB0C8AAAAASUVORK5CYII=","isBase64":true},"stepId":"pw:api@62"}
{"type":"before","callId":"call@58","startTime":128785.101,"class":"Route","method":"fulfill","params":{"status":200,"headers":[{"name":"content-type","value":"image/png"},{"name":"content-length","value":"68"}],"body":"iVBORw0KGgoAAAANSUhEUgAAAAEAAAABCAQAAAC1HAwCAAAAC0lEQVR42mNkYAAAAAYAAjCB0C8AAAAASUVORK5CYII=","isBase64":true},"stepId":"pw:api@63"}
{"type":"before","callId":"call@60","startTime":128788.578,"class":"Route","method":"fulfill","params":{"status":200,"headers":[{"name":"content-type","value":"image/png"},{"name":"content-length","value":"68"}],"body":"iVBORw0KGgoAAAANSUhEUgAAAAEAAAABCAQAAAC1HAwCAAAAC0lEQVR42mNkYAAAAAYAAjCB0C8AAAAASUVORK5CYII=","isBase64":true},"stepId":"pw:api@64"}
{"type":"before","callId":"call@62","startTime":128791.657,"class":"Route","method":"fulfill","params":{"status":200,"headers":[{"name":"content-type","value":"image/png"},{"name":"content-length","value":"68"}],"body":"iVBORw0KGgoAAAANSUhEUgAAAAEAAAABCAQAAAC1HAwCAAAAC0lEQVR42mNkYAAAAAYAAjCB0C8AAAAASUVORK5CYII=","isBase64":true},"stepId":"pw:api@65"}
{"type":"before","callId":"call@64","startTime":128795.968,"class":"Route","method":"fulfill","params":{"status":200,"headers":[{"name":"content-type","value":"image/png"},{"name":"content-length","value":"68"}],"body":"iVBORw0KGgoAAAANSUhEUgAAAAEAAAABCAQAAAC1HAwCAAAAC0lEQVR42mNkYAAAAAYAAjCB0C8AAAAASUVORK5CYII=","isBase64":true},"stepId":"pw:api@66"}
{"type":"before","callId":"call@66","startTime":128797.739,"class":"Route","method":"fulfill","params":{"status":200,"headers":[{"name":"content-type","value":"image/png"},{"name":"content-length","value":"68"}],"body":"iVBORw0KGgoAAAANSUhEUgAAAAEAAAABCAQAAAC1HAwCAAAAC0lEQVR42mNkYAAAAAYAAjCB0C8AAAAASUVORK5CYII=","isBase64":true},"stepId":"pw:api@67"}
{"type":"before","callId":"call@68","startTime":128800.469,"class":"Route","method":"fulfill","params":{"status":200,"headers":[{"name":"content-type","value":"image/png"},{"name":"content-length","value":"68"}],"body":"iVBORw0KGgoAAAANSUhEUgAAAAEAAAABCAQAAAC1HAwCAAAAC0lEQVR42mNkYAAAAAYAAjCB0C8AAAAASUVORK5CYII=","isBase64":true},"stepId":"pw:api@68"}
{"type":"before","callId":"call@70","startTime":128810.367,"class":"Route","method":"fulfill","params":{"status":200,"headers":[{"name":"content-type","value":"image/png"},{"name":"content-length","value":"68"}],"body":"iVBORw0KGgoAAAANSUhEUgAAAAEAAAABCAQAAAC1HAwCAAAAC0lEQVR42mNkYAAAAAYAAjCB0C8AAAAASUVORK5CYII=","isBase64":true},"stepId":"pw:api@69"}
{"type":"before","callId":"call@72","startTime":128810.82,"class":"Route","method":"fulfill","params":{"status":200,"headers":[{"name":"content-type","value":"image/png"},{"name":"content-length","value":"68"}],"body":"iVBORw0KGgoAAAANSUhEUgAAAAEAAAABCAQAAAC1HAwCAAAAC0lEQVR42mNkYAAAAAYAAjCB0C8AAAAASUVORK5CYII=","isBase64":true},"stepId":"pw:api@70"}
{"type":"before","callId":"call@74","startTime":128811.267,"class":"Route","method":"fulfill","params":{"status":200,"headers":[{"name":"content-type","value":"image/png"},{"name":"content-length","value":"68"}],"body":"iVBORw0KGgoAAAANSUhEUgAAAAEAAAABCAQAAAC1HAwCAAAAC0lEQVR42mNkYAAAAAYAAjCB0C8AAAAASUVORK5CYII=","isBase64":true},"stepId":"pw:api@71"}
{"type":"screencast-frame","pageId":"page@600f29b949da841bd415a6a2f340ba76","file":"screencast/page@600f29b949da841bd415a6a2f340ba76-1790599008884.jpeg","width":390,"height":844,"timestamp":128812.441,"frameSwapWallTime":1790599008648.641}
{"type":"screencast-frame","pageId":"page@600f29b949da841bd415a6a2f340ba76","file":"screencast/page@600f29b949da841bd415a6a2f340ba76-1790599008884.jpeg","width":390,"height":844,"timestamp":128812.57,"frameSwapWallTime":1790599008665.303}
{"type":"after","callId":"call@56","endTime":128818.949}
{"type":"after","callId":"call@58","endTime":128819.096}
{"type":"after","callId":"call@60","endTime":128819.684}
{"type":"after","callId":"call@62","endTime":128820.083}
{"type":"after","callId":"call@64","endTime":128820.381}
{"type":"after","callId":"call@66","endTime":128820.453}
{"type":"after","callId":"call@68","endTime":128821.095}
{"type":"before","callId":"call@76","startTime":128825.209,"class":"Route","method":"fulfill","params":{"status":200,"headers":[{"name":"content-type","value":"image/png"},{"name":"content-length","value":"68"}],"body":"iVBORw0KGgoAAAANSUhEUgAAAAEAAAABCAQAAAC1HAwCAAAAC0lEQVR42mNkYAAAAAYAAjCB0C8AAAAASUVORK5CYII=","isBase64":true},"stepId":"pw:api@72"}
{"type":"before","callId":"call@78","startTime":128825.594,"class":"Route","method":"fulfill","params":{"status":200,"headers":[{"name":"content-type","value":"image/png"},{"name":"content-length","value":"68"}],"body":"iVBORw0KGgoAAAANSUhEUgAAAAEAAAABCAQAAAC1HAwCAAAAC0lEQVR42mNkYAAAAAYAAjCB0C8AAAAASUVORK5CYII=","isBase64":true},"stepId":"pw:api@73"}
{"type":"before","callId":"call@80","startTime":128825.92,"class":"Route","method":"fulfill","params":{"status":200,"headers":[{"name":"content-type","value":"image/png"},{"name":"content-length","value":"68"}],"body":"iVBORw0KGgoAAAANSUhEUgAAAAEAAAABCAQAAAC1HAwCAAAAC0lEQVR42mNkYAAAAAYAAjCB0C8AAAAASUVORK5CYII=","isBase64":true},"stepId":"pw:api@74"}
{"type":"before","callId":"call@82","startTime":128826.148,"class":"Route","method":"fulfill","params":{"status":200,"headers":[{"name":"content-type","value":"image/png"},{"name":"content-length","value":"68"}],"body":"iVBORw0KGgoAAAANSUhEUgAAAAEAAAABCAQAAAC1HAwCAAAAC0lEQVR42mNkYAAAAAYAAjCB0C8AAAAASUVORK5CYII=","isBase64":true},"stepId":"pw:api@75"}
{"type":"before","callId":"call@84","startTime":128826.318,"class":"Route","method":"fulfill","params":{"status":200,"headers":[{"name":"content-type","value":"image/png"},{"name":"content-length","value":"68"}],"body":"iVBORw0KGgoAAAANSUhEUgAAAAEAAAABCAQAAAC1HAwCAAAAC0lEQVR42mNkYAAAAAYAAjCB0C8AAAAASUVORK5CYII=","isBase64":true},"stepId":"pw:api@76"}
{"type":"after","callId":"call@70","endTime":128842.246}
{"type":"after","callId":"call@72","endTime":128842.561}
{"type":"after","callId":"call@74","endTime":128842.684}
{"type":"after","callId":"call@76","endTime":128842.752}
{"type":"after","callId":"call@78","endTime":128842.809}
{"type":"after","callId":"call@80","endTime":128848.306}
{"type":"after","callId":"call@82","endTime":128849.26}
{"type":"after","callId":"call@84","endTime":128850.37}
{"type":"screencast-frame","pageId":"page@600f29b949da841bd415a6a2f340ba76","file":"screencast/page@600f29b949da841bd415a6a2f340ba76-1790599008934.jpeg","width":390,"height":844,"timestamp":128862.563,"frameSwapWallTime":1790599008873.3289}
{"type":"screencast-frame","pageId":"page@600f29b949da841bd415a6a2f340ba76","file":"screencast/page@600f29b949da841bd415a6a2f340ba76-1790599008986.jpeg","width":390,"height":844,"timestamp":128914.602,"frameSwapWallTime":1790599008919.618}
{"type":"screencast-frame","pageId":"page@600f29b949da841bd415a6a2f340ba76","file":"screencast/page@600f29b949da841bd415a6a2f340ba76-1790599009066.jpeg","width":390,"height":844,"timestamp":128994.434,"frameSwapWallTime":1790599008984.206}
{"type":"screencast-frame","pageId":"page@600f29b949da841bd415a6a2f340ba76","file":"screencast/page@600f29b949da841bd415a6a2f340ba76-1790599009070.jpeg","width":390,"height":844,"timestamp":128998.334,"frameSwapWallTime":1790599009016.774}
{"type":"screencast-frame","pageId":"page@600f29b949da841bd415a6a2f340ba76","file":"screencast/page@600f29b949da841bd415a6a2f340ba76-1790599009090.jpeg","width":390,"height":844,"timestamp":129019.201,"frameSwapWallTime":1790599009070.301}
{"type":"screencast-frame","pageId":"page@600f29b949da841bd415a6a2f340ba76","file":"screencast/page@600f29b949da841bd415a6a2f340ba76-1790599009105.jpeg","width":390,"height":844,"timestamp":129033.663,"frameSwapWallTime":1790599009091.9011}
{"type":"screencast-frame","pageId":"page@600f29b949da841bd415a6a2f340ba76","file":"screencast/page@600f29b949da841bd415a6a2f340ba76-1790599009133.jpeg","width":390,"height":844,"timestamp":129062.249,"frameSwapWallTime":1790599009110.5}
{"type":"screencast-frame","pageId":"page@600f29b949da841bd415a6a2f340ba76","file":"screencast/page@600f29b949da841bd415a6a2f340ba76-1790599009144.jpeg","width":390,"height":844,"timestamp":129072.362,"frameSwapWallTime":1790599009129.215}
{"type":"screencast-frame","pageId":"page@600f29b949da841bd415a6a2f340ba76","file":"screencast/page@600f29b949da841bd415a6a2f340ba76-1790599009161.jpeg","width":390,"height":844,"timestamp":129089.909,"frameSwapWallTime":1790599009145.0579}
{"type":"screencast-frame","pageId":"page@600f29b949da841bd415a6a2f340ba76","file":"screencast/page@600f29b949da841bd415a6a2f340ba76-1790599009173.jpeg","width":390,"height":844,"timestamp":129102.288,"frameSwapWallTime":1790599009169.142}
{"type":"screencast-frame","pageId":"page@600f29b949da841bd415a6a2f340ba76","file":"screencast/page@600f29b949da841bd415a6a2f340ba76-1790599009195.jpeg","width":390,"height":844,"timestamp":129124.119,"frameSwapWallTime":1790599009186.776}
{"type":"screencast-frame","pageId":"page@600f29b949da841bd415a6a2f340ba76","file":"screencast/page@600f29b949da841bd415a6a2f340ba76-1790599009206.jpeg","width":390,"height":844,"timestamp":129135.274,"frameSwapWallTime":1790599009203.0999}
