{"version":9,"type":"context-options","origin":"library","browserName":"chromium","playwrightVersion":"1.63.0","options":{"noDefaultViewport":false,"viewport":{"width":390,"height":844},"ignoreHTTPSErrors":false,"javaScriptEnabled":true,"bypassCSP":false,"userAgent":"Mozilla/5.0 (Linux; Android 14; Pixel 7) AppleWebKit/537.36 (KHTML, like Gecko) Chrome/141.0.0.0 Mobile Safari/537.36","locale":"en-US","offline":false,"deviceScaleFactor":2,"isMobile":true,"hasTouch":true,"colorScheme":"light","reducedMotion":"no-preference","forcedColors":"none","acceptDownloads":"accept","contrast":"no-preference","baseURL":"http://localhost:4173","serviceWorkers":"allow","selectorEngines":[],"testIdAttributeName":"data-testid"},"platform":"linux","wallTime":1790598999794,"monotonicTime":119722.81,"sdkLanguage":"javascript","testIdAttributeName":"data-testid","title":"explorer.spec.ts:61 › Explorer › E2E-02 URL paste restores state"}
{"type":"before","callId":"call@27","startTime":119727.537,"class":"BrowserContext","method":"newPage","params":{},"stepId":"pw:api@28"}
{"type":"event","time":119948.215,"class":"BrowserContext","method":"page","params":{"pageId":"page@903773c60369afb310cf60cf2a683f02"}}
{"type":"after","callId":"call@27","endTime":119948.297,"result":{"page":"<Page>"}}
{"type":"before","callId":"call@29","startTime":119950.948,"title":"Route requests","class":"Page","method":"setNetworkInterceptionPatterns","params":{"patterns":[{"glob":"**/*"}]},"stepId":"pw:api@30"}
{"type":"after","callId":"call@29","endTime":119957.461}
{"type":"before","callId":"call@32","startTime":119986.124,"class":"Frame","method":"goto","params":{"url":"/?county=ro/crisana/bihor&genre=colinda,joc&from=1909&to=1912&sort=year&dir=desc","waitUntil":"load"},"stepId":"pw:api@32"}
{"type":"screencast-frame","pageId":"page@903773c60369afb310cf60cf2a683f02","file":"screencast/page@903773c60369afb310cf60cf2a683f02-1790599000059.jpeg","width":390,"height":844,"timestamp":119987.797,"frameSwapWallTime":1790599000045.3801}
{"type":"frame-snapshot","snapshot":{"callId":"call@32","phase":"before","pageId":"page@903773c60369afb310cf60cf2a683f02","frameId":"frame@c57333b7932ada26f0469afb2259d3bc","frameUrl":"about:blank","html":["HTML",{},["HEAD",{},["BASE",{"href":"about:blank"}]],["BODY"]],"viewport":{"width":980,"height":2121},"timestamp":119992.716,"wallTime":1790599000063,"collectionTime":1,"resourceOverrides":[],"isMainFrame":true}}
{"type":"log","callId":"call@32","time":119994.472,"message":"navigating to \"http://localhost:4173/?county=ro/crisana/bihor&genre=colinda,joc&from=1909&to=1912&sort=year&dir=desc\", waiting until \"load\""}
{"type":"before","callId":"call@34","startTime":120009.347,"class":"Route","method":"continue","params":{"isFallback":true},"stepId":"pw:api@33"}
{"type":"after","callId":"call@34","endTime":120010.645}
{"type":"before","callId":"call@36","startTime":120073.263,"class":"Route","method":"continue","params":{"isFallback":true},"stepId":"pw:api@34"}
{"type":"before","callId":"call@38","startTime":120073.805,"class":"Route","method":"continue","params":{"isFallback":true},"stepId":"pw:api@35"}
{"type":"before","callId":"call@40","startTime":120074.349,"class":"Route","method":"continue","params":{"isFallback":true},"stepId":"pw:api@36"}
{"type":"before","callId":"call@42","startTime":120075.415,"class":"Route","method":"continue","params":{"isFallback":true},"stepId":"pw:api@37"}
{"type":"before","callId":"call@44","startTime":120076.302,"class":"Route","method":"continue","params":{"isFallback":true},"stepId":"pw:api@38"}
{"type":"before","callId":"call@46","startTime":120076.552,"class":"Route","method":"continue","params":{"isFallback":true},"stepId":"pw:api@39"}
{"type":"after","callId":"call@36","endTime":120077.106}
{"type":"after","callId":"call@38","endTime":120077.232}
{"type":"after","callId":"call@40","endTime":120077.416}
{"type":"after","callId":"call@42","endTime":120077.557}
{"type":"after","callId":"call@44","endTime":120077.64}
{"type":"after","callId":"call@46","endTime":120078.765}
{"type":"screencast-frame","pageId":"page@903773c60369afb310cf60cf2a683f02","file":"screencast/page@903773c60369afb310cf60cf2a683f02-1790599000263.jpeg","width":390,"height":844,"timestamp":120191.891,"frameSwapWallTime":1790599000247.3708}
{"type":"after","callId":"call@32","endTime":120320.204,"result":{"response":"<Response>"}}
{"type":"before","callId":"call@48","startTime":120353.497,"class":"Route","method":"continue","params":{"isFallback":true},"stepId":"pw:api@40"}
{"type":"before","callId":"call@50","startTime":120355.444,"class":"Route","method":"continue","params":{"isFallback":true},"stepId":"pw:api@41"}
{"type":"before","callId":"call@52","startTime":120355.887,"class":"Route","method":"continue","params":{"isFallback":true},"stepId":"pw:api@42"}
{"type":"frame-snapshot","snapshot":{"callId":"call@32","phase":"after","pageId":"page@903773c60369afb310cf60cf2a683f02","frameId":"frame@c57333b7932ada26f0469afb2259d3bc","frameUrl":"http://localhost:4173/?county=ro/crisana/bihor&genre=colinda,joc&from=1909&to=1912&sort=year&dir=desc","doctype":"html","html":["HTML",{"lang":"en"},["HEAD",{},["BASE",{"href":"http://localhost:4173/?county=ro/crisana/bihor&genre=colinda,joc&from=1909&to=1912&sort=year&dir=desc"}],"\n    ",["META",{"charset":"utf-8"}],"\n    ",["LINK",{"rel":"icon","type":"image/svg+xml","href":"/favicon.svg"}],"\n    ",["META",{"name":"viewport","content":"width=device-width, initial-scale=1.0"}],"\n    ",["META",{"name":"description","content":"Bela Bartok's ethnographic field collection, localities in present-day Romania: browse by place, genre, style, instrument and year."}],"\n    ",["TITLE",{},"Bartok / Romania"],"\n    ","\n    ",["LINK",{"rel":"modulepreload","crossorigin":"","href":"/assets/rolldown-runtime-CbXtAM7H.js"}],"\n    ",["LINK",{"rel":"modulepreload","crossorigin":"","href":"/assets/leaflet-CFqsrOu6.js"}],"\n    ",["LINK",{"rel":"modulepreload","crossorigin":"","href":"/assets/search-DH4RtPSg.js"}],"\n    ",["LINK",{"rel":"stylesheet","crossorigin":"","href":"/assets/leaflet-vh-t_kPv.css"}],"\n    ",["LINK",{"rel":"stylesheet","crossorigin":"","href":"/assets/index-C6OOyjCW.css"}],"\n  "],"\n  ",["BODY",{},"\n    ",["DIV",{"id":"root"},["A",{"class":"skip-link","href":"#results"},"Skip to results"],["HEADER",{"class":"topbar"},["A",{"aria-label":"Bartok / Romania","aria-current":"page","class":"topbar__masthead topbar__masthead--large active","href":"/?county=ro/crisana/bihor&genre=colinda,joc&from=1909&to=1912&sort=year&dir=desc","data-discover":"true"},"Bartok / Romania"],["NAV",{"class":"topbar__nav","aria-label":"Primary"},["A",{"aria-current":"page","class":"active","href":"/?county=ro/crisana/bihor&genre=colinda,joc&from=1909&to=1912&sort=year&dir=desc","data-discover":"true"},"Explorer"],["A",{"class":"","href":"/journeys?county=ro/crisana/bihor&genre=colinda,joc&from=1909&to=1912&sort=year&dir=desc","data-discover":"true"},"Journeys"],["A",{"class":"","href":"/about?county=ro/crisana/bihor&genre=colinda,joc&from=1909&to=1912&sort=year&dir=desc","data-discover":"true"},"About and sources"]],["DIV",{"class":"topbar__search"},["DIV",{"class":"search"},["INPUT",{"__playwright_value_":"","class":"input search__input","aria-label":"Search melodies","placeholder":"Search titles, places, performers, codes","autocomplete":"off","spellcheck":"false","type":"search","value":""}]]],["DIV",{"class":"topbar__tools"},["BUTTON",{"type":"button","class":"toggle","aria-pressed":"false"},"Colour by genre"],["LABEL",{"class":"visually-hidden","for":"theme-select"},"Theme"],["SELECT",{"id":"theme-select","class":"select","title":"Theme"},["OPTION",{"__playwright_selected_":"true","value":"auto"},"Auto"],["OPTION",{"__playwright_selected_":"false","value":"light"},"Light"],["OPTION",{"__playwright_selected_":"false","value":"dark"},"Dark"]]]],["DIV",{"class":"explorer explorer--phone"},["DIV",{"class":"phone-header"},["BUTTON",{"type":"button","class":"btn filters-toggle","disabled":"","aria-haspopup":"dialog"},"Filters (0)"]],["MAIN",{"class":"explorer__main"},["DIV",{"id":"phone-panel-map","role":"tabpanel","aria-labelledby":"phone-tab-map","class":"phone-panel phone-panel--map"},["SECTION",{"class":"map-section map-section--full","aria-label":"Map"},["DIV",{"class":"map-panel"},["DIV",{"class":"map-loading"},"Loading the collection..."]]],["BUTTON",{"type":"button","class":"phone-viewlist"},"0 melodies, view list"]]],["NAV",{"class":"bottom-tabs","aria-label":"Views"},["DIV",{"class":"bottom-tabs__list","role":"tablist","aria-label":"Views"},["BUTTON",{"type":"button","role":"tab","id":"phone-tab-map","class":"bottom-tabs__tab","aria-selected":"true","aria-controls":"phone-panel-map","tabindex":"0"},["svg",{"viewBox":"0 0 18 18","aria-hidden":"true","focusable":"false"},["path",{"d":"M3 5l4-2 4 2 4-2v11l-4 2-4-2-4 2V5zm4-2v11m4-9v11","fill":"none","stroke":"currentColor","stroke-width":"1.5","stroke-linejoin":"round"}]],["SPAN",{"class":"bottom-tabs__label"},"Map"]],["BUTTON",{"type":"button","role":"tab","id":"phone-tab-list","class":"bottom-tabs__tab","aria-selected":"false","tabindex":"-1"},["svg",{"viewBox":"0 0 18 18","aria-hidden":"true","focusable":"false"},["path",{"d":"M3 4h12M3 8h12M3 12h8","fill":"none","stroke":"currentColor","stroke-width":"1.5","stroke-linejoin":"round"}]],["SPAN",{"class":"bottom-tabs__label"},"Songs"]],["BUTTON",{"type":"button","role":"tab","id":"phone-tab-places","class":"bottom-tabs__tab","aria-selected":"false","tabindex":"-1"},["svg",{"viewBox":"0 0 18 18","aria-hidden":"true","focusable":"false"},["path",{"d":"M9 15s-5-4.5-5-8a5 5 0 0 1 10 0c0 3.5-5 8-5 8zm0-6.5a1.5 1.5 0 1 0 0-3 1.5 1.5 0 0 0 0 3z","fill":"none","stroke":"currentColor","stroke-width":"1.5","stroke-linejoin":"round"}]],["SPAN",{"class":"bottom-tabs__label"},"Places"]]],["A",{"class":"bottom-tabs__tab bottom-tabs__link","href":"/journeys?county=ro/crisana/bihor&genre=colinda,joc&from=1909&to=1912&sort=year&dir=desc","data-discover":"true"},["svg",{"viewBox":"0 0 18 18","aria-hidden":"true","focusable":"false"},["path",{"d":"M3 14c3-6 6-8 12-10M13 3l2 1-1 2","fill":"none","stroke":"currentColor","stroke-width":"1.5","stroke-linejoin":"round"}],["circle",{"cx":"3.5","cy":"14","r":"1.5","fill":"currentColor"}]],["SPAN",{"class":"bottom-tabs__label"},"Journeys"]]]],["DIV",{"class":"statusbar","role":"status","aria-label":"Query status"},["CODE",{"class":"statusbar__query","title":"?county=ro/crisana/bihor&genre=colinda,joc&from=1909&to=1912&sort=year&dir=desc"},"?county=ro/crisana/bihor&genre=colinda,joc&from=1909&to=1912&sort=year&dir=desc"],["BUTTON",{"type":"button","class":"btn btn--sm"},"Copy link"],["BUTTON",{"type":"button","class":"btn btn--sm","disabled":"","title":"Nothing to export","aria-label":"Nothing to export"},"Export JSON"]],["FOOTER",{"class":"footer"},["P",{},"Data: HUN-REN BTK Institute for Musicology, Budapest (Bartok Archives):"," ",["SPAN",{},"\"",["A",{"href":"https://bartok-nepzene.zti.hu/en/","target":"_blank","rel":"noopener noreferrer"},"Folk Music in Bartók's Compositions"],"\""],["SPAN",{},", ","\"",["A",{"href":"https://systems.zti.hu/br/en","target":"_blank","rel":"noopener noreferrer"},"The Bartók System"],"\""],["SPAN",{}," and ","\"",["A",{"href":"https://bartok-gyujtesek.zti.hu/en","target":"_blank","rel":"noopener noreferrer"},"Béla Bartók, the Ethnomusicologist"],"\""],"."],["P",{},"Records, notation images and recordings remain the property of the Institute; this viewer is an independent interface and is not affiliated with it."],["P",{},"Printed edition: Bela Bartok, Rumanian Folk Music (ed. Benjamin Suchoff, Martinus Nijhoff, 1967-1975),"," ",["A",{"href":"https://archive.org/details/rumanianfolkmusi0004blab","target":"_blank","rel":"noopener noreferrer"},"open volumes on the Internet Archive"],"; only facts and incipits are indexed."],["P",{},"Map: ©"," ",["A",{"href":"https://www.openstreetmap.org/copyright","target":"_blank","rel":"noopener noreferrer"},"OpenStreetMap"]," ","contributors, ©"," ",["A",{"href":"https://carto.com/attributions","target":"_blank","rel":"noopener noreferrer"},"CARTO"],". ","County boundaries: Natural Earth","."],["P",{},["A",{"href":"/about","data-discover":"true"},"About and sources"]]],["DIV",{"role":"status","aria-live":"polite"}]],"\n  \n\n"]],"viewport":{"width":390,"height":844},"timestamp":120357.267,"wallTime":1790599000424,"collectionTime":2.5,"resourceOverrides":[],"isMainFrame":true}}
{"type":"after","callId":"call@48","endTime":120359.745}
{"type":"after","callId":"call@50","endTime":120360.088}
{"type":"after","callId":"call@52","endTime":120360.224}
{"type":"before","callId":"call@54","startTime":120408.787,"title":"Expect \"toHaveText\"","class":"Frame","method":"expect","params":{"selector":".results__count >> nth=0","expression":"to.have.text","expectedText":[{"regexSource":"([\\d,]+) of ([\\d,]+) melodies","regexFlags":"","normalizeWhiteSpace":true}],"expectedValue":{"value":{"v":"undefined"},"handles":[]},"isNot":false,"timeout":60000},"stepId":"expect@43"}
{"type":"screencast-frame","pageId":"page@903773c60369afb310cf60cf2a683f02","file":"screencast/page@903773c60369afb310cf60cf2a683f02-1790599000485.jpeg","width":390,"height":844,"timestamp":120413.491,"frameSwapWallTime":1790599000442.997}
{"type":"frame-snapshot","snapshot":{"callId":"call@54","phase":"before","pageId":"page@903773c60369afb310cf60cf2a683f02","frameId":"frame@c57333b7932ada26f0469afb2259d3bc","frameUrl":"http://localhost:4173/?county=ro/crisana/bihor&genre=colinda,joc&from=1909&to=1912&sort=year&dir=desc","doctype":"html","html":[[1,146]],"viewport":{"width":390,"height":844},"timestamp":120442.995,"wallTime":1790599000482,"collectionTime":0.6999999992549419,"resourceOverrides":[],"isMainFrame":true}}
{"type":"log","callId":"call@54","time":120445.523,"message":"Expect \"toHaveText\" locator('.results__count').first() with timeout 60000ms"}
{"type":"log","callId":"call@54","time":120445.543,"message":"waiting for locator('.results__count').first()"}
{"type":"screencast-frame","pageId":"page@903773c60369afb310cf60cf2a683f02","file":"screencast/page@903773c60369afb310cf60cf2a683f02-1790599000523.jpeg","width":390,"height":844,"timestamp":120451.447,"frameSwapWallTime":1790599000479.9011}
{"type":"before","callId":"call@56","startTime":120469.721,"class":"Route","method":"continue","params":{"isFallback":true},"stepId":"pw:api@44"}
{"type":"before","callId":"call@58","startTime":120470.492,"class":"Route","method":"continue","params":{"isFallback":true},"stepId":"pw:api@45"}
{"type":"before","callId":"call@60","startTime":120471.188,"class":"Route","method":"continue","params":{"isFallback":true},"stepId":"pw:api@46"}
{"type":"before","callId":"call@62","startTime":120471.584,"class":"Route","method":"continue","params":{"isFallback":true},"stepId":"pw:api@47"}
{"type":"before","callId":"call@64","startTime":120471.979,"class":"Route","method":"continue","params":{"isFallback":true},"stepId":"pw:api@48"}
{"type":"screencast-frame","pageId":"page@903773c60369afb310cf60cf2a683f02","file":"screencast/page@903773c60369afb310cf60cf2a683f02-1790599000547.jpeg","width":390,"height":844,"timestamp":120475.75,"frameSwapWallTime":1790599000495.01}
{"type":"before","callId":"call@66","startTime":120477.038,"class":"Route","method":"continue","params":{"isFallback":true},"stepId":"pw:api@49"}
{"type":"before","callId":"call@68","startTime":120477.472,"class":"Route","method":"continue","params":{"isFallback":true},"stepId":"pw:api@50"}
{"type":"before","callId":"call@70","startTime":120478.082,"class":"Route","method":"continue","params":{"isFallback":true},"stepId":"pw:api@51"}
{"type":"after","callId":"call@56","endTime":120486.633}
{"type":"after","callId":"call@58","endTime":120486.892}
{"type":"after","callId":"call@60","endTime":120487.008}
{"type":"after","callId":"call@62","endTime":120487.068}
{"type":"after","callId":"call@64","endTime":120487.121}
{"type":"after","callId":"call@66","endTime":120487.563}
{"type":"after","callId":"call@68","endTime":120487.655}
{"type":"after","callId":"call@70","endTime":120487.704}
{"type":"screencast-frame","pageId":"page@903773c60369afb310cf60cf2a683f02","file":"screencast/page@903773c60369afb310cf60cf2a683f02-1790599000692.jpeg","width":390,"height":844,"timestamp":120620.861,"frameSwapWallTime":1790599000688.9949}
{"type":"screencast-frame","pageId":"page@903773c60369afb310cf60cf2a683f02","file":"screencast/page@903773c60369afb310cf60cf2a683f02-1790599000861.jpeg","width":390,"height":844,"timestamp":120790.18,"frameSwapWallTime":1790599000787.4128}
{"type":"before","callId":"call@72","startTime":121250.287,"class":"Route","method":"continue","params":{"isFallback":true},"stepId":"pw:api@52"}
{"type":"after","callId":"call@72","endTime":121254.695}
{"type":"screencast-frame","pageId":"page@903773c60369afb310cf60cf2a683f02","file":"screencast/page@903773c60369afb310cf60cf2a683f02-1790599001972.jpeg","width":390,"height":844,"timestamp":121901.235,"frameSwapWallTime":1790599001744.853}
{"type":"before","callId":"call@74","startTime":121991.105,"class":"Route","method":"fulfill","params":{"status":200,"headers":[{"name":"content-type","value":"image/png"},{"name":"content-length","value":"68"}],"body":"iVBORw0KGgoAAAANSUhEUgAAAAEAAAABCAQAAAC1HAwCAAAAC0lEQVR42mNkYAAAAAYAAjCB0C8AAAAASUVORK5CYII=","isBase64":true},"stepId":"pw:api@53"}
{"type":"before","callId":"call@76","startTime":121997.614,"class":"Route","method":"fulfill","params":{"status":200,"headers":[{"name":"content-type","value":"image/png"},{"name":"content-length","value":"68"}],"body":"iVBORw0KGgoAAAANSUhEUgAAAAEAAAABCAQAAAC1HAwCAAAAC0lEQVR42mNkYAAAAAYAAjCB0C8AAAAASUVORK5CYII=","isBase64":true},"stepId":"pw:api@54"}
{"type":"before","callId":"call@78","startTime":122002.717,"class":"Route","method":"fulfill","params":{"status":200,"headers":[{"name":"content-type","value":"image/png"},{"name":"content-length","value":"68"}],"body":"iVBORw0KGgoAAAANSUhEUgAAAAEAAAABCAQAAAC1HAwCAAAAC0lEQVR42mNkYAAAAAYAAjCB0C8AAAAASUVORK5CYII=","isBase64":true},"stepId":"pw:api@55"}
{"type":"before","callId":"call@80","startTime":122003.254,"class":"Route","method":"fulfill","params":{"status":200,"headers":[{"name":"content-type","value":"image/png"},{"name":"content-length","value":"68"}],"body":"iVBORw0KGgoAAAANSUhEUgAAAAEAAAABCAQAAAC1HAwCAAAAC0lEQVR42mNkYAAAAAYAAjCB0C8AAAAASUVORK5CYII=","isBase64":true},"stepId":"pw:api@56"}
{"type":"before","callId":"call@82","startTime":122003.611,"class":"Route","method":"fulfill","params":{"status":200,"headers":[{"name":"content-type","value":"image/png"},{"name":"content-length","value":"68"}],"body":"iVBORw0KGgoAAAANSUhEUgAAAAEAAAABCAQAAAC1HAwCAAAAC0lEQVR42mNkYAAAAAYAAjCB0C8AAAAASUVORK5CYII=","isBase64":true},"stepId":"pw:api@57"}
{"type":"before","callId":"call@84","startTime":122003.889,"class":"Route","method":"fulfill","params":{"status":200,"headers":[{"name":"content-type","value":"image/png"},{"name":"content-length","value":"68"}],"body":"iVBORw0KGgoAAAANSUhEUgAAAAEAAAABCAQAAAC1HAwCAAAAC0lEQVR42mNkYAAAAAYAAjCB0C8AAAAASUVORK5CYII=","isBase64":true},"stepId":"pw:api@58"}
{"type":"before","callId":"call@86","startTime":122004.182,"class":"Route","method":"fulfill","params":{"status":200,"headers":[{"name":"content-type","value":"image/png"},{"name":"content-length","value":"68"}],"body":"iVBORw0KGgoAAAANSUhEUgAAAAEAAAABCAQAAAC1HAwCAAAAC0lEQVR42mNkYAAAAAYAAjCB0C8AAAAASUVORK5CYII=","isBase64":true},"stepId":"pw:api@59"}
{"type":"before","callId":"call@88","startTime":122004.413,"class":"Route","method":"fulfill","params":{"status":200,"headers":[{"name":"content-type","value":"image/png"},{"name":"content-length","value":"68"}],"body":"iVBORw0KGgoAAAANSUhEUgAAAAEAAAABCAQAAAC1HAwCAAAAC0lEQVR42mNkYAAAAAYAAjCB0C8AAAAASUVORK5CYII=","isBase64":true},"stepId":"pw:api@60"}
{"type":"before","callId":"call@90","startTime":122004.688,"class":"Route","method":"fulfill","params":{"status":200,"headers":[{"name":"content-type","value":"image/png"},{"name":"content-length","value":"68"}],"body":"iVBORw0KGgoAAAANSUhEUgAAAAEAAAABCAQAAAC1HAwCAAAAC0lEQVR42mNkYAAAAAYAAjCB0C8AAAAASUVORK5CYII=","isBase64":true},"stepId":"pw:api@61"}
{"type":"before","callId":"call@92","startTime":122005.092,"class":"Route","method":"fulfill","params":{"status":200,"headers":[{"name":"content-type","value":"image/png"},{"name":"content-length","value":"68"}],"body":"iVBORw0KGgoAAAANSUhEUgAAAAEAAAABCAQAAAC1HAwCAAAAC0lEQVR42mNkYAAAAAYAAjCB0C8AAAAASUVORK5CYII=","isBase64":true},"stepId":"pw:api@62"}
{"type":"before","callId":"call@94","startTime":122012.07,"class":"Route","method":"fulfill","params":{"status":200,"headers":[{"name":"content-type","value":"image/png"},{"name":"content-length","value":"68"}],"body":"iVBORw0KGgoAAAANSUhEUgAAAAEAAAABCAQAAAC1HAwCAAAAC0lEQVR42mNkYAAAAAYAAjCB0C8AAAAASUVORK5CYII=","isBase64":true},"stepId":"pw:api@63"}
{"type":"before","callId":"call@96","startTime":122012.345,"class":"Route","method":"fulfill","params":{"status":200,"headers":[{"name":"content-type","value":"image/png"},{"name":"content-length","value":"68"}],"body":"iVBORw0KGgoAAAANSUhEUgAAAAEAAAABCAQAAAC1HAwCAAAAC0lEQVR42mNkYAAAAAYAAjCB0C8AAAAASUVORK5CYII=","isBase64":true},"stepId":"pw:api@64"}
{"type":"before","callId":"call@98","startTime":122012.541,"class":"Route","method":"fulfill","params":{"status":200,"headers":[{"name":"content-type","value":"image/png"},{"name":"content-length","value":"68"}],"body":"iVBORw0KGgoAAAANSUhEUgAAAAEAAAABCAQAAAC1HAwCAAAAC0lEQVR42mNkYAAAAAYAAjCB0C8AAAAASUVORK5CYII=","isBase64":true},"stepId":"pw:api@65"}
{"type":"before","callId":"call@100","startTime":122012.708,"class":"Route","method":"fulfill","params":{"status":200,"headers":[{"name":"content-type","value":"image/png"},{"name":"content-length","value":"68"}],"body":"iVBORw0KGgoAAAANSUhEUgAAAAEAAAABCAQAAAC1HAwCAAAAC0lEQVR42mNkYAAAAAYAAjCB0C8AAAAASUVORK5CYII=","isBase64":true},"stepId":"pw:api@66"}
{"type":"before","callId":"call@102","startTime":122012.865,"class":"Route","method":"fulfill","params":{"status":200,"headers":[{"name":"content-type","value":"image/png"},{"name":"content-length","value":"68"}],"body":"iVBORw0KGgoAAAANSUhEUgAAAAEAAAABCAQAAAC1HAwCAAAAC0lEQVR42mNkYAAAAAYAAjCB0C8AAAAASUVORK5CYII=","isBase64":true},"stepId":"pw:api@67"}
{"type":"after","callId":"call@74","endTime":122013.092}
{"type":"after","callId":"call@76","endTime":122013.304}
{"type":"after","callId":"call@78","endTime":122013.358}
{"type":"after","callId":"call@80","endTime":122013.403}
{"type":"after","callId":"call@82","endTime":122013.445}
{"type":"after","callId":"call@84","endTime":122013.49}
{"type":"after","callId":"call@86","endTime":122013.532}
{"type":"after","callId":"call@88","endTime":122013.574}
{"type":"after","callId":"call@90","endTime":122013.73}
{"type":"after","callId":"call@92","endTime":122018.167}
{"type":"after","callId":"call@94","endTime":122020.05}
{"type":"after","callId":"call@96","endTime":122020.731}
{"type":"after","callId":"call@98","endTime":122026.707}
{"type":"after","callId":"call@100","endTime":122026.833}
{"type":"after","callId":"call@102","endTime":122026.884}
{"type":"screencast-frame","pageId":"page@903773c60369afb310cf60cf2a683f02","file":"screencast/page@903773c60369afb310cf60cf2a683f02-1790599002125.jpeg","width":390,"height":844,"timestamp":122054.074,"frameSwapWallTime":1790599002112.087}
{"type":"screencast-frame","pageId":"page@903773c60369afb310cf60cf2a683f02","file":"screencast/page@903773c60369afb310cf60cf2a683f02-1790599002166.jpeg","width":390,"height":844,"timestamp":122094.688,"frameSwapWallTime":1790599002153.903}
{"type":"screencast-frame","pageId":"page@903773c60369afb310cf60cf2a683f02","file":"screencast/page@903773c60369afb310cf60cf2a683f02-1790599002217.jpeg","width":390,"height":844,"timestamp":122146.32,"frameSwapWallTime":1790599002190.573}
{"type":"screencast-frame","pageId":"page@903773c60369afb310cf60cf2a683f02","file":"screencast/page@903773c60369afb310cf60cf2a683f02-1790599002218.jpeg","width":390,"height":844,"timestamp":122146.608,"frameSwapWallTime":1790599002208.272}
{"type":"screencast-frame","pageId":"page@903773c60369afb310cf60cf2a683f02","file":"screencast/page@903773c60369afb310cf60cf2a683f02-1790599002245.jpeg","width":390,"height":844,"timestamp":122174.316,"frameSwapWallTime":1790599002229.753}
{"type":"screencast-frame","pageId":"page@903773c60369afb310cf60cf2a683f02","file":"screencast/page@903773c60369afb310cf60cf2a683f02-1790599002300.jpeg","width":390,"height":844,"timestamp":122229.004,"frameSwapWallTime":1790599002251.052}
{"type":"screencast-frame","pageId":"page@903773c60369afb310cf60cf2a683f02","file":"screencast/page@903773c60369afb310cf60cf2a683f02-1790599002330.jpeg","width":390,"height":844,"timestamp":122258.343,"frameSwapWallTime":1790599002306.2861}
{"type":"screencast-frame","pageId":"page@903773c60369afb310cf60cf2a683f02","file":"screencast/page@903773c60369afb310cf60cf2a683f02-1790599002369.jpeg","width":390,"height":844,"timestamp":122298.308,"frameSwapWallTime":1790599002336.714}
{"type":"screencast-frame","pageId":"page@903773c60369afb310cf60cf2a683f02","file":"screencast/page@903773c60369afb310cf60cf2a683f02-1790599002398.jpeg","width":390,"height":844,"timestamp":122326.326,"frameSwapWallTime":1790599002371.307}
{"type":"screencast-frame","pageId":"page@903773c60369afb310cf60cf2a683f02","file":"screencast/page@903773c60369afb310cf60cf2a683f02-1790599002448.jpeg","width":390,"height":844,"timestamp":122376.771,"frameSwapWallTime":1790599002407.016}
{"type":"screencast-frame","pageId":"page@903773c60369afb310cf60cf2a683f02","file":"screencast/page@903773c60369afb310cf60cf2a683f02-1790599002449.jpeg","width":390,"height":844,"timestamp":122377.561,"frameSwapWallTime":1790599002429.782}
